10 most common words:
"sunt": 4
"et": 3
"natus": 3
"quia": 3
"sit": 3
"ut": 3
"voluptas": 3
"voluptatibus": 3
"Et": 2
"Ut": 2
sunt is found 4 times
natus is found 3 times
longest word: "reprehenderit"
shortest word: "ut"
tree depth: 14
ERROR: unknown operation "Unsupported"
supported operations: {Get, First, Longest, Shortest, Depth, Write, Read, }
