1.000000x^2 + 2.000000x + 1.000000
1.000000x^3 + 3.000000x^2 + 3.000000x + 1.000000
2197.000000
14.000000
3.000000x^2 + 6.000000x + 3.000000
1.000000x^12 + 3.000000x^2 + 6.000000x + 3.000000
1.333333x^2 - 4.555556x + 3.925926
-14.629630
1.000000x^12 + 3.000000x^10 + 37.199999x^9 - 45.000000x^8 + 74.399998x^7 + 366.279972x^6 - 1153.199965x^5 + 1135.379972x^4 + 716.223861x^3 - 6658.379546x^2 + 8954.039723x - 3478.199999
1.000000x^6 + 4.000000x^5 - 4.000000x^4 - 14.000000x^3 + 20.000000x^2 - 8.000000x + 1.000000
