Выражение: X(Y(Z(A, B), C(D, E)), F(G(H, I), J))
X
│   ├── Y
│   │   ├── Z
│   │   │   ├── A
│   │       └── B
│       └── C
│       │   ├── D
│           └── E
    └── F
    │   ├── G
    │   │   ├── H
    │       └── I
        └── J

